<?xml version="1.0"?>
<testsuites>
  <testsuite name="Chrome 54.0.2840 (Windows 7)" package="" timestamp="2016-11-29T02:37:27" id="0" hostname="AU20APLP0110" tests="9" errors="0" failures="0" time="0.125">
    <properties>
      <property name="browser.fullName" value="Mozilla/5.0 (Windows NT 6.1; WOW64) AppleWebKit/537.36 (KHTML, like Gecko) Chrome/54.0.2840.99 Safari/537.36"/>
    </properties>
    <testcase name="test weatherService.getWeather for a given lat and long " time="0.034" classname="Chrome 54.0.2840 (Windows 7).Service : WeatherService"/>
    <testcase name="test weatherService.populateModalObjectFromResponse for weather reponse Object " time="0.007" classname="Chrome 54.0.2840 (Windows 7).Service : WeatherService"/>
    <testcase name="test currentWeather directive " time="0.036" classname="Chrome 54.0.2840 (Windows 7).Service : WeatherService"/>
    <testcase name="test weatherWidgetEditorOutput directive " time="0.032" classname="Chrome 54.0.2840 (Windows 7).Service : WeatherService"/>
    <testcase name="test Widget editor controller reset " time="0" classname="Chrome 54.0.2840 (Windows 7).Service : WeatherService"/>
    <testcase name="test Widget editor controller save " time="0.016" classname="Chrome 54.0.2840 (Windows 7).Service : WeatherService"/>
    <testcase name="test Widget editor controller duplicate " time="0" classname="Chrome 54.0.2840 (Windows 7).Service : WeatherService"/>
    <testcase name="test temparature filter " time="0" classname="Chrome 54.0.2840 (Windows 7).Service : WeatherService"/>
    <testcase name="test getCurrentPosition positive" time="0" classname="Chrome 54.0.2840 (Windows 7).Service : WeatherService"/>
    <system-out><![CDATA[
]]></system-out>
    <system-err/>
  </testsuite>
</testsuites>
